Archive member included because of file (symbol)

/Users/ryan/.env/gcc-arm-none-eabi-4_9-2015q1/bin/../lib/gcc/arm-none-eabi/4.9.3/../../../../arm-none-eabi/lib/armv7-m/libc_nano.a(lib_a-exit.o)
                              /Users/ryan/.env/gcc-arm-none-eabi-4_9-2015q1/bin/../lib/gcc/arm-none-eabi/4.9.3/../../../../arm-none-eabi/lib/armv7-m/crt0.o (exit)
/Users/ryan/.env/gcc-arm-none-eabi-4_9-2015q1/bin/../lib/gcc/arm-none-eabi/4.9.3/../../../../arm-none-eabi/lib/armv7-m/libc_nano.a(lib_a-impure.o)
                              /Users/ryan/.env/gcc-arm-none-eabi-4_9-2015q1/bin/../lib/gcc/arm-none-eabi/4.9.3/../../../../arm-none-eabi/lib/armv7-m/libc_nano.a(lib_a-exit.o) (_global_impure_ptr)
/Users/ryan/.env/gcc-arm-none-eabi-4_9-2015q1/bin/../lib/gcc/arm-none-eabi/4.9.3/../../../../arm-none-eabi/lib/armv7-m/libc_nano.a(lib_a-init.o)
                              /Users/ryan/.env/gcc-arm-none-eabi-4_9-2015q1/bin/../lib/gcc/arm-none-eabi/4.9.3/../../../../arm-none-eabi/lib/armv7-m/crt0.o (__libc_init_array)
/Users/ryan/.env/gcc-arm-none-eabi-4_9-2015q1/bin/../lib/gcc/arm-none-eabi/4.9.3/../../../../arm-none-eabi/lib/armv7-m/libc_nano.a(lib_a-memset.o)
                              /Users/ryan/.env/gcc-arm-none-eabi-4_9-2015q1/bin/../lib/gcc/arm-none-eabi/4.9.3/../../../../arm-none-eabi/lib/armv7-m/crt0.o (memset)
/Users/ryan/.env/gcc-arm-none-eabi-4_9-2015q1/bin/../lib/gcc/arm-none-eabi/4.9.3/../../../../arm-none-eabi/lib/armv7-m/libc_nano.a(lib_a-printf.o)
                              CMakeFiles/efm32-test.dir/work/source/main.c.obj (printf)
/Users/ryan/.env/gcc-arm-none-eabi-4_9-2015q1/bin/../lib/gcc/arm-none-eabi/4.9.3/../../../../arm-none-eabi/lib/armv7-m/libc_nano.a(lib_a-findfp.o)
                              /Users/ryan/.env/gcc-arm-none-eabi-4_9-2015q1/bin/../lib/gcc/arm-none-eabi/4.9.3/../../../../arm-none-eabi/lib/armv7-m/libc_nano.a(lib_a-printf.o) (__sinit)
/Users/ryan/.env/gcc-arm-none-eabi-4_9-2015q1/bin/../lib/gcc/arm-none-eabi/4.9.3/../../../../arm-none-eabi/lib/armv7-m/libc_nano.a(lib_a-fwalk.o)
                              /Users/ryan/.env/gcc-arm-none-eabi-4_9-2015q1/bin/../lib/gcc/arm-none-eabi/4.9.3/../../../../arm-none-eabi/lib/armv7-m/libc_nano.a(lib_a-findfp.o) (_fwalk)
/Users/ryan/.env/gcc-arm-none-eabi-4_9-2015q1/bin/../lib/gcc/arm-none-eabi/4.9.3/../../../../arm-none-eabi/lib/armv7-m/libc_nano.a(lib_a-nano-mallocr.o)
                              /Users/ryan/.env/gcc-arm-none-eabi-4_9-2015q1/bin/../lib/gcc/arm-none-eabi/4.9.3/../../../../arm-none-eabi/lib/armv7-m/libc_nano.a(lib_a-findfp.o) (_malloc_r)
/Users/ryan/.env/gcc-arm-none-eabi-4_9-2015q1/bin/../lib/gcc/arm-none-eabi/4.9.3/../../../../arm-none-eabi/lib/armv7-m/libc_nano.a(lib_a-nano-vfprintf.o)
                              /Users/ryan/.env/gcc-arm-none-eabi-4_9-2015q1/bin/../lib/gcc/arm-none-eabi/4.9.3/../../../../arm-none-eabi/lib/armv7-m/libc_nano.a(lib_a-printf.o) (_vfprintf_r)
/Users/ryan/.env/gcc-arm-none-eabi-4_9-2015q1/bin/../lib/gcc/arm-none-eabi/4.9.3/../../../../arm-none-eabi/lib/armv7-m/libc_nano.a(lib_a-nano-vfprintf_i.o)
                              /Users/ryan/.env/gcc-arm-none-eabi-4_9-2015q1/bin/../lib/gcc/arm-none-eabi/4.9.3/../../../../arm-none-eabi/lib/armv7-m/libc_nano.a(lib_a-nano-vfprintf.o) (_printf_i)
/Users/ryan/.env/gcc-arm-none-eabi-4_9-2015q1/bin/../lib/gcc/arm-none-eabi/4.9.3/../../../../arm-none-eabi/lib/armv7-m/libc_nano.a(lib_a-sbrkr.o)
                              /Users/ryan/.env/gcc-arm-none-eabi-4_9-2015q1/bin/../lib/gcc/arm-none-eabi/4.9.3/../../../../arm-none-eabi/lib/armv7-m/libc_nano.a(lib_a-nano-mallocr.o) (_sbrk_r)
/Users/ryan/.env/gcc-arm-none-eabi-4_9-2015q1/bin/../lib/gcc/arm-none-eabi/4.9.3/../../../../arm-none-eabi/lib/armv7-m/libc_nano.a(lib_a-stdio.o)
                              /Users/ryan/.env/gcc-arm-none-eabi-4_9-2015q1/bin/../lib/gcc/arm-none-eabi/4.9.3/../../../../arm-none-eabi/lib/armv7-m/libc_nano.a(lib_a-findfp.o) (__sread)
/Users/ryan/.env/gcc-arm-none-eabi-4_9-2015q1/bin/../lib/gcc/arm-none-eabi/4.9.3/../../../../arm-none-eabi/lib/armv7-m/libc_nano.a(lib_a-wbuf.o)
                              /Users/ryan/.env/gcc-arm-none-eabi-4_9-2015q1/bin/../lib/gcc/arm-none-eabi/4.9.3/../../../../arm-none-eabi/lib/armv7-m/libc_nano.a(lib_a-nano-vfprintf.o) (__swbuf_r)
/Users/ryan/.env/gcc-arm-none-eabi-4_9-2015q1/bin/../lib/gcc/arm-none-eabi/4.9.3/../../../../arm-none-eabi/lib/armv7-m/libc_nano.a(lib_a-writer.o)
                              /Users/ryan/.env/gcc-arm-none-eabi-4_9-2015q1/bin/../lib/gcc/arm-none-eabi/4.9.3/../../../../arm-none-eabi/lib/armv7-m/libc_nano.a(lib_a-stdio.o) (_write_r)
/Users/ryan/.env/gcc-arm-none-eabi-4_9-2015q1/bin/../lib/gcc/arm-none-eabi/4.9.3/../../../../arm-none-eabi/lib/armv7-m/libc_nano.a(lib_a-wsetup.o)
                              /Users/ryan/.env/gcc-arm-none-eabi-4_9-2015q1/bin/../lib/gcc/arm-none-eabi/4.9.3/../../../../arm-none-eabi/lib/armv7-m/libc_nano.a(lib_a-nano-vfprintf.o) (__swsetup_r)
[...]
Memory Configuration

Name             Origin             Length             Attributes
FLASH            0x0000000000000000 0x0000000000100000 xr
RAM              0x0000000020000000 0x0000000000020000 xrw
*default*        0x0000000000000000 0xffffffffffffffff

Linker script and memory map

LOAD /Users/ryan/.env/gcc-arm-none-eabi-4_9-2015q1/bin/../lib/gcc/arm-none-eabi/4.9.3/armv7-m/crti.o
LOAD /Users/ryan/.env/gcc-arm-none-eabi-4_9-2015q1/bin/../lib/gcc/arm-none-eabi/4.9.3/armv7-m/crtbegin.o
LOAD /Users/ryan/.env/gcc-arm-none-eabi-4_9-2015q1/bin/../lib/gcc/arm-none-eabi/4.9.3/../../../../arm-none-eabi/lib/armv7-m/crt0.o

.text           0x0000000000000000     0x1f1c
 *(.isr_vector)
 .isr_vector    0x0000000000000000      0x100 libdevice.a(startup_efm32gg.S.obj)
                0x0000000000000000                __isr_vector
 *(.text*)
 .text          0x0000000000000100       0x5c /Users/ryan/.env/gcc-arm-none-eabi-4_9-2015q1/bin/../lib/gcc/arm-none-eabi/4.9.3/armv7-m/crtbegin.o
 .text          0x000000000000015c       0x74 /Users/ryan/.env/gcc-arm-none-eabi-4_9-2015q1/bin/../lib/gcc/arm-none-eabi/4.9.3/../../../../arm-none-eabi/lib/armv7-m/crt0.o
                0x000000000000015c                _mainCRTStartup
                0x000000000000015c                _start
 .text.NVIC_SetPriority
                0x00000000000001d0       0x4c CMakeFiles/efm32-test.dir/work/source/main.c.obj
 .text.SysTick_Config
                0x000000000000021c       0x40 CMakeFiles/efm32-test.dir/work/source/main.c.obj
 .text.CHIP_Init
                0x000000000000025c       0x40 CMakeFiles/efm32-test.dir/work/source/main.c.obj
 .text.GPIO_PinOutSet
                0x000000000000029c       0x40 CMakeFiles/efm32-test.dir/work/source/main.c.obj
 .text.GPIO_PinOutToggle
                0x00000000000002dc       0x40 CMakeFiles/efm32-test.dir/work/source/main.c.obj
 .text.SysTick_Handler
                0x000000000000031c       0x10 CMakeFiles/efm32-test.dir/work/source/main.c.obj
                0x000000000000031c                SysTick_Handler
 .text.Delay    0x000000000000032c       0x24 CMakeFiles/efm32-test.dir/work/source/main.c.obj
                0x000000000000032c                Delay
 .text.main     0x0000000000000350       0x68 CMakeFiles/efm32-test.dir/work/source/main.c.obj
                0x0000000000000350                main
 .text.exit     0x00000000000003b8       0x28 /Users/ryan/.env/gcc-arm-none-eabi-4_9-2015q1/bin/../lib/gcc/arm-none-eabi/4.9.3/../../../../arm-none-eabi/lib/armv7-m/libc_nano.a(lib_a-exit.o)
                0x00000000000003b8                exit
 .text.__libc_init_array
                0x00000000000003e0       0x4c /Users/ryan/.env/gcc-arm-none-eabi-4_9-2015q1/bin/../lib/gcc/arm-none-eabi/4.9.3/../../../../arm-none-eabi/lib/armv7-m/libc_nano.a(lib_a-init.o)
                0x00000000000003e0                __libc_init_array
 .text.memset   0x000000000000042c       0x10 /Users/ryan/.env/gcc-arm-none-eabi-4_9-2015q1/bin/../lib/gcc/arm-none-eabi/4.9.3/../../../../arm-none-eabi/lib/armv7-m/libc_nano.a(lib_a-memset.o)
                0x000000000000042c                memset
 .text.printf   0x000000000000043c       0x30 /Users/ryan/.env/gcc-arm-none-eabi-4_9-2015q1/bin/../lib/gcc/arm-none-eabi/4.9.3/../../../../arm-none-eabi/lib/armv7-m/libc_nano.a(lib_a-printf.o)
                0x000000000000043c                printf
                0x000000000000043c                iprintf
 .text._cleanup_r
                0x000000000000046c        0xc /Users/ryan/.env/gcc-arm-none-eabi-4_9-2015q1/bin/../lib/gcc/arm-none-eabi/4.9.3/../../../../arm-none-eabi/lib/armv7-m/libc_nano.a(lib_a-findfp.o)
                0x000000000000046c                _cleanup_r
 .text.std.isra.0
                0x0000000000000478       0x48 /Users/ryan/.env/gcc-arm-none-eabi-4_9-2015q1/bin/../lib/gcc/arm-none-eabi/4.9.3/../../../../arm-none-eabi/lib/armv7-m/libc_nano.a(lib_a-findfp.o)
 .text.__sfmoreglue
                0x00000000000004c0       0x2c /Users/ryan/.env/gcc-arm-none-eabi-4_9-2015q1/bin/../lib/gcc/arm-none-eabi/4.9.3/../../../../arm-none-eabi/lib/armv7-m/libc_nano.a(lib_a-findfp.o)
                0x00000000000004c0                __sfmoreglue
 .text.__sinit  0x00000000000004ec       0x60 /Users/ryan/.env/gcc-arm-none-eabi-4_9-2015q1/bin/../lib/gcc/arm-none-eabi/4.9.3/../../../../arm-none-eabi/lib/armv7-m/libc_nano.a(lib_a-findfp.o)
                0x00000000000004ec                __sinit
 .text.__sfp    0x000000000000054c       0x74 /Users/ryan/.env/gcc-arm-none-eabi-4_9-2015q1/bin/../lib/gcc/arm-none-eabi/4.9.3/../../../../arm-none-eabi/lib/armv7-m/libc_nano.a(lib_a-findfp.o)
                0x000000000000054c                __sfp
 .text._fwalk_reent
                0x00000000000005c0       0x3c /Users/ryan/.env/gcc-arm-none-eabi-4_9-2015q1/bin/../lib/gcc/arm-none-eabi/4.9.3/../../../../arm-none-eabi/lib/armv7-m/libc_nano.a(lib_a-fwalk.o)
                0x00000000000005c0                _fwalk_reent
 .text._malloc_r
                0x00000000000005fc       0xac /Users/ryan/.env/gcc-arm-none-eabi-4_9-2015q1/bin/../lib/gcc/arm-none-eabi/4.9.3/../../../../arm-none-eabi/lib/armv7-m/libc_nano.a(lib_a-nano-mallocr.o)
                0x00000000000005fc                _malloc_r
 .text.__sfputc_r
                0x00000000000006a8       0x2c /Users/ryan/.env/gcc-arm-none-eabi-4_9-2015q1/bin/../lib/gcc/arm-none-eabi/4.9.3/../../../../arm-none-eabi/lib/armv7-m/libc_nano.a(lib_a-nano-vfprintf.o)
 .text.__sfputs_r
                0x00000000000006d4       0x24 /Users/ryan/.env/gcc-arm-none-eabi-4_9-2015q1/bin/../lib/gcc/arm-none-eabi/4.9.3/../../../../arm-none-eabi/lib/armv7-m/libc_nano.a(lib_a-nano-vfprintf.o)
                0x00000000000006d4                __sfputs_r
 .text._vfprintf_r
                0x00000000000006f8      0x210 /Users/ryan/.env/gcc-arm-none-eabi-4_9-2015q1/bin/../lib/gcc/arm-none-eabi/4.9.3/../../../../arm-none-eabi/lib/armv7-m/libc_nano.a(lib_a-nano-vfprintf.o)
                0x00000000000006f8                _vfiprintf_r
                0x00000000000006f8                _vfprintf_r
 .text._printf_common
                0x0000000000000908       0xea /Users/ryan/.env/gcc-arm-none-eabi-4_9-2015q1/bin/../lib/gcc/arm-none-eabi/4.9.3/../../../../arm-none-eabi/lib/armv7-m/libc_nano.a(lib_a-nano-vfprintf_i.o)
                0x0000000000000908                _printf_common
 *fill*         0x00000000000009f2        0x2 
 .text._printf_i
                0x00000000000009f4      0x240 /Users/ryan/.env/gcc-arm-none-eabi-4_9-2015q1/bin/../lib/gcc/arm-none-eabi/4.9.3/../../../../arm-none-eabi/lib/armv7-m/libc_nano.a(lib_a-nano-vfprintf_i.o)
                0x00000000000009f4                _printf_i
 .text._sbrk_r  0x0000000000000c34       0x20 /Users/ryan/.env/gcc-arm-none-eabi-4_9-2015q1/bin/../lib/gcc/arm-none-eabi/4.9.3/../../../../arm-none-eabi/lib/armv7-m/libc_nano.a(lib_a-sbrkr.o)
                0x0000000000000c34                _sbrk_r
 .text.__sread  0x0000000000000c54       0x22 /Users/ryan/.env/gcc-arm-none-eabi-4_9-2015q1/bin/../lib/gcc/arm-none-eabi/4.9.3/../../../../arm-none-eabi/lib/armv7-m/libc_nano.a(lib_a-stdio.o)
                0x0000000000000c54                __sread
 .text.__swrite
                0x0000000000000c76       0x38 /Users/ryan/.env/gcc-arm-none-eabi-4_9-2015q1/bin/../lib/gcc/arm-none-eabi/4.9.3/../../../../arm-none-eabi/lib/armv7-m/libc_nano.a(lib_a-stdio.o)
                0x0000000000000c76                __swrite
 .text.__sseek  0x0000000000000cae       0x24 /Users/ryan/.env/gcc-arm-none-eabi-4_9-2015q1/bin/../lib/gcc/arm-none-eabi/4.9.3/../../../../arm-none-eabi/lib/armv7-m/libc_nano.a(lib_a-stdio.o)
                0x0000000000000cae                __sseek
 .text.__sclose
                0x0000000000000cd2        0x8 /Users/ryan/.env/gcc-arm-none-eabi-4_9-2015q1/bin/../lib/gcc/arm-none-eabi/4.9.3/../../../../arm-none-eabi/lib/armv7-m/libc_nano.a(lib_a-stdio.o)
                0x0000000000000cd2                __sclose
 *fill*         0x0000000000000cda        0x2 
 .text.__swbuf_r
                0x0000000000000cdc       0xa8 /Users/ryan/.env/gcc-arm-none-eabi-4_9-2015q1/bin/../lib/gcc/arm-none-eabi/4.9.3/../../../../arm-none-eabi/lib/armv7-m/libc_nano.a(lib_a-wbuf.o)
                0x0000000000000cdc                __swbuf_r
 .text._write_r
                0x0000000000000d84       0x24 /Users/ryan/.env/gcc-arm-none-eabi-4_9-2015q1/bin/../lib/gcc/arm-none-eabi/4.9.3/../../../../arm-none-eabi/lib/armv7-m/libc_nano.a(lib_a-writer.o)
                0x0000000000000d84                _write_r
 .text.__swsetup_r
                0x0000000000000da8       0xd8 /Users/ryan/.env/gcc-arm-none-eabi-4_9-2015q1/bin/../lib/gcc/arm-none-eabi/4.9.3/../../../../arm-none-eabi/lib/armv7-m/libc_nano.a(lib_a-wsetup.o)
                0x0000000000000da8                __swsetup_r
 .text._close_r
                0x0000000000000e80       0x20 /Users/ryan/.env/gcc-arm-none-eabi-4_9-2015q1/bin/../lib/gcc/arm-none-eabi/4.9.3/../../../../arm-none-eabi/lib/armv7-m/libc_nano.a(lib_a-closer.o)
                0x0000000000000e80                _close_r
 .text.__sflush_r
                0x0000000000000ea0      0x106 /Users/ryan/.env/gcc-arm-none-eabi-4_9-2015q1/bin/../lib/gcc/arm-none-eabi/4.9.3/../../../../arm-none-eabi/lib/armv7-m/libc_nano.a(lib_a-fflush.o)
                0x0000000000000ea0                __sflush_r
 *fill*         0x0000000000000fa6        0x2 
 .text._fflush_r
                0x0000000000000fa8       0x54 /Users/ryan/.env/gcc-arm-none-eabi-4_9-2015q1/bin/../lib/gcc/arm-none-eabi/4.9.3/../../../../arm-none-eabi/lib/armv7-m/libc_nano.a(lib_a-fflush.o)
                0x0000000000000fa8                _fflush_r
 .text._lseek_r
                0x0000000000000ffc       0x24 /Users/ryan/.env/gcc-arm-none-eabi-4_9-2015q1/bin/../lib/gcc/arm-none-eabi/4.9.3/../../../../arm-none-eabi/lib/armv7-m/libc_nano.a(lib_a-lseekr.o)
                0x0000000000000ffc                _lseek_r
 .text.__smakebuf_r
                0x0000000000001020       0x98 /Users/ryan/.env/gcc-arm-none-eabi-4_9-2015q1/bin/../lib/gcc/arm-none-eabi/4.9.3/../../../../arm-none-eabi/lib/armv7-m/libc_nano.a(lib_a-makebuf.o)
                0x0000000000001020                __smakebuf_r
 .text.memchr   0x00000000000010b8       0x1c /Users/ryan/.env/gcc-arm-none-eabi-4_9-2015q1/bin/../lib/gcc/arm-none-eabi/4.9.3/../../../../arm-none-eabi/lib/armv7-m/libc_nano.a(lib_a-memchr.o)
                0x00000000000010b8                memchr
 .text._free_r  0x00000000000010d4       0x88 /Users/ryan/.env/gcc-arm-none-eabi-4_9-2015q1/bin/../lib/gcc/arm-none-eabi/4.9.3/../../../../arm-none-eabi/lib/armv7-m/libc_nano.a(lib_a-nano-freer.o)
                0x00000000000010d4                _free_r
 .text._read_r  0x000000000000115c       0x24 /Users/ryan/.env/gcc-arm-none-eabi-4_9-2015q1/bin/../lib/gcc/arm-none-eabi/4.9.3/../../../../arm-none-eabi/lib/armv7-m/libc_nano.a(lib_a-readr.o)
                0x000000000000115c                _read_r
 .text._fstat_r
                0x0000000000001180       0x24 /Users/ryan/.env/gcc-arm-none-eabi-4_9-2015q1/bin/../lib/gcc/arm-none-eabi/4.9.3/../../../../arm-none-eabi/lib/armv7-m/libc_nano.a(lib_a-fstatr.o)
                0x0000000000001180                _fstat_r
 .text._isatty_r
                0x00000000000011a4       0x20 /Users/ryan/.env/gcc-arm-none-eabi-4_9-2015q1/bin/../lib/gcc/arm-none-eabi/4.9.3/../../../../arm-none-eabi/lib/armv7-m/libc_nano.a(lib_a-isattyr.o)
                0x00000000000011a4                _isatty_r
 .text._close   0x00000000000011c4       0x10 /Users/ryan/.env/gcc-arm-none-eabi-4_9-2015q1/bin/../lib/gcc/arm-none-eabi/4.9.3/../../../../arm-none-eabi/lib/armv7-m/libnosys.a(close.o)
                0x00000000000011c4                _close
 .text._fstat   0x00000000000011d4       0x10 /Users/ryan/.env/gcc-arm-none-eabi-4_9-2015q1/bin/../lib/gcc/arm-none-eabi/4.9.3/../../../../arm-none-eabi/lib/armv7-m/libnosys.a(fstat.o)
                0x00000000000011d4                _fstat
 .text._isatty  0x00000000000011e4       0x10 /Users/ryan/.env/gcc-arm-none-eabi-4_9-2015q1/bin/../lib/gcc/arm-none-eabi/4.9.3/../../../../arm-none-eabi/lib/armv7-m/libnosys.a(isatty.o)
                0x00000000000011e4                _isatty
 .text._lseek   0x00000000000011f4       0x10 /Users/ryan/.env/gcc-arm-none-eabi-4_9-2015q1/bin/../lib/gcc/arm-none-eabi/4.9.3/../../../../arm-none-eabi/lib/armv7-m/libnosys.a(lseek.o)
                0x00000000000011f4                _lseek
 .text._read    0x0000000000001204       0x10 /Users/ryan/.env/gcc-arm-none-eabi-4_9-2015q1/bin/../lib/gcc/arm-none-eabi/4.9.3/../../../../arm-none-eabi/lib/armv7-m/libnosys.a(read.o)
                0x0000000000001204                _read
 .text._sbrk    0x0000000000001214       0x1c /Users/ryan/.env/gcc-arm-none-eabi-4_9-2015q1/bin/../lib/gcc/arm-none-eabi/4.9.3/../../../../arm-none-eabi/lib/armv7-m/libnosys.a(sbrk.o)
                0x0000000000001214                _sbrk
 .text._write   0x0000000000001230       0x10 /Users/ryan/.env/gcc-arm-none-eabi-4_9-2015q1/bin/../lib/gcc/arm-none-eabi/4.9.3/../../../../arm-none-eabi/lib/armv7-m/libnosys.a(write.o)
                0x0000000000001230                _write
 .text._exit    0x0000000000001240        0x4 /Users/ryan/.env/gcc-arm-none-eabi-4_9-2015q1/bin/../lib/gcc/arm-none-eabi/4.9.3/../../../../arm-none-eabi/lib/armv7-m/libnosys.a(_exit.o)
                0x0000000000001240                _exit
 .text          0x0000000000001244       0x94 libdevice.a(startup_efm32gg.S.obj)
                0x0000000000001244                Reset_Handler
                0x0000000000001274                Default_Handler
                0x0000000000001276                NMI_Handler
                0x0000000000001278                HardFault_Handler
                0x000000000000127a                MemManage_Handler
                0x000000000000127c                BusFault_Handler
                0x000000000000127e                UsageFault_Handler
                0x0000000000001280                SVC_Handler
                0x0000000000001282                DebugMon_Handler
                0x0000000000001284                PendSV_Handler
                0x0000000000001288                DMA_IRQHandler
                0x000000000000128a                GPIO_EVEN_IRQHandler
                0x000000000000128c                TIMER0_IRQHandler
                0x000000000000128e                USART0_RX_IRQHandler
                0x0000000000001290                USART0_TX_IRQHandler
                0x0000000000001292                USB_IRQHandler
                0x0000000000001294                ACMP0_IRQHandler
                0x0000000000001296                ADC0_IRQHandler
                0x0000000000001298                DAC0_IRQHandler
                0x000000000000129a                I2C0_IRQHandler
                0x000000000000129c                I2C1_IRQHandler
                0x000000000000129e                GPIO_ODD_IRQHandler
                0x00000000000012a0                TIMER1_IRQHandler
                0x00000000000012a2                TIMER2_IRQHandler
                0x00000000000012a4                TIMER3_IRQHandler
                0x00000000000012a6                USART1_RX_IRQHandler
                0x00000000000012a8                USART1_TX_IRQHandler
                0x00000000000012aa                LESENSE_IRQHandler
                0x00000000000012ac                USART2_RX_IRQHandler
                0x00000000000012ae                USART2_TX_IRQHandler
                0x00000000000012b0                UART0_RX_IRQHandler
                0x00000000000012b2                UART0_TX_IRQHandler
                0x00000000000012b4                UART1_RX_IRQHandler
                0x00000000000012b6                UART1_TX_IRQHandler
                0x00000000000012b8                LEUART0_IRQHandler
                0x00000000000012ba                LEUART1_IRQHandler
                0x00000000000012bc                LETIMER0_IRQHandler
                0x00000000000012be                PCNT0_IRQHandler
                0x00000000000012c0                PCNT1_IRQHandler
                0x00000000000012c2                PCNT2_IRQHandler
                0x00000000000012c4                RTC_IRQHandler
                0x00000000000012c6                BURTC_IRQHandler
                0x00000000000012c8                CMU_IRQHandler
                0x00000000000012ca                VCMP_IRQHandler
                0x00000000000012cc                LCD_IRQHandler
                0x00000000000012ce                MSC_IRQHandler
                0x00000000000012d0                AES_IRQHandler
                0x00000000000012d2                EBI_IRQHandler
                0x00000000000012d4                EMU_IRQHandler
 .text.GetProdRev
                0x00000000000012d8       0x10 libdevice.a(system_efm32gg.c.obj)
 .text.SystemCoreClockGet
                0x00000000000012e8       0x48 libdevice.a(system_efm32gg.c.obj)
                0x00000000000012e8                SystemCoreClockGet
 .text.SystemHFClockGet
                0x0000000000001330       0xf0 libdevice.a(system_efm32gg.c.obj)
                0x0000000000001330                SystemHFClockGet
 .text.SystemHFXOClockGet
                0x0000000000001420        0xc libdevice.a(system_efm32gg.c.obj)
                0x0000000000001420                SystemHFXOClockGet
 .text.SystemInit
                0x000000000000142c        0x4 libdevice.a(system_efm32gg.c.obj)
                0x000000000000142c                SystemInit
 .text.SystemLFRCOClockGet
                0x0000000000001430        0x8 libdevice.a(system_efm32gg.c.obj)
                0x0000000000001430                SystemLFRCOClockGet
 .text.SystemULFRCOClockGet
                0x0000000000001438        0x8 libdevice.a(system_efm32gg.c.obj)
                0x0000000000001438                SystemULFRCOClockGet
 .text.SystemLFXOClockGet
                0x0000000000001440        0xc libdevice.a(system_efm32gg.c.obj)
                0x0000000000001440                SystemLFXOClockGet
 .text.BITBAND_Peripheral
                0x000000000000144c       0x24 libemlib.a(em_cmu.c.obj)
 .text.CMU_DivToLog2
                0x0000000000001470       0x34 libemlib.a(em_cmu.c.obj)
 .text.CMU_Log2ToDiv
                0x00000000000014a4       0x14 libemlib.a(em_cmu.c.obj)
 .text.CMU_USBCClkGet
                0x00000000000014b8       0x4c libemlib.a(em_cmu.c.obj)
 .text.CMU_AUXClkGet
                0x0000000000001504       0x84 libemlib.a(em_cmu.c.obj)
 .text.CMU_DBGClkGet
                0x0000000000001588       0x58 libemlib.a(em_cmu.c.obj)
 .text.CMU_LFClkGet
                0x00000000000015e0       0xb0 libemlib.a(em_cmu.c.obj)
 .text.CMU_Sync
                0x0000000000001690       0x28 libemlib.a(em_cmu.c.obj)
 .text.CMU_ClockDivGet
                0x00000000000016b8      0x164 libemlib.a(em_cmu.c.obj)
                0x00000000000016b8                CMU_ClockDivGet
 .text.CMU_ClockEnable
                0x000000000000181c       0xf8 libemlib.a(em_cmu.c.obj)
                0x000000000000181c                CMU_ClockEnable
 .text.CMU_ClockFreqGet
                0x0000000000001914      0x1f8 libemlib.a(em_cmu.c.obj)
                0x0000000000001914                CMU_ClockFreqGet
 .text.CMU_ClockSelectGet
                0x0000000000001b0c      0x178 libemlib.a(em_cmu.c.obj)
                0x0000000000001b0c                CMU_ClockSelectGet
 .text.GPIO_PinModeSet
                0x0000000000001c84      0x160 libemlib.a(em_gpio.c.obj)
                0x0000000000001c84                GPIO_PinModeSet
 .text.SYSTEM_ChipRevisionGet
                0x0000000000001de4       0x78 libemlib.a(em_system.c.obj)
                0x0000000000001de4                SYSTEM_ChipRevisionGet
 *(.init)
 .init          0x0000000000001e5c        0x4 /Users/ryan/.env/gcc-arm-none-eabi-4_9-2015q1/bin/../lib/gcc/arm-none-eabi/4.9.3/armv7-m/crti.o
                0x0000000000001e5c                _init
 .init          0x0000000000001e60        0x8 /Users/ryan/.env/gcc-arm-none-eabi-4_9-2015q1/bin/../lib/gcc/arm-none-eabi/4.9.3/armv7-m/crtn.o
 *(.fini)
 .fini          0x0000000000001e68        0x4 /Users/ryan/.env/gcc-arm-none-eabi-4_9-2015q1/bin/../lib/gcc/arm-none-eabi/4.9.3/armv7-m/crti.o
                0x0000000000001e68                _fini
 .fini          0x0000000000001e6c        0x8 /Users/ryan/.env/gcc-arm-none-eabi-4_9-2015q1/bin/../lib/gcc/arm-none-eabi/4.9.3/armv7-m/crtn.o
 *crtbegin.o(.ctors)
 *crtbegin?.o(.ctors)
 *(EXCLUDE_FILE(*crtend.o *crtend?.o) .ctors)
 *(SORT(.ctors.*))
 *(.ctors)
 *crtbegin.o(.dtors)
 *crtbegin?.o(.dtors)
 *(EXCLUDE_FILE(*crtend.o *crtend?.o) .dtors)
 *(SORT(.dtors.*))
 *(.dtors)
 *(.rodata*)
 .rodata        0x0000000000001e74        0x8 CMakeFiles/efm32-test.dir/work/source/main.c.obj
 .rodata.str1.1
                0x0000000000001e7c        0x2 /Users/ryan/.env/gcc-arm-none-eabi-4_9-2015q1/bin/../lib/gcc/arm-none-eabi/4.9.3/../../../../arm-none-eabi/lib/armv7-m/libc_nano.a(lib_a-impure.o)
 *fill*         0x0000000000001e7e        0x2 
 .rodata._global_impure_ptr
                0x0000000000001e80        0x4 /Users/ryan/.env/gcc-arm-none-eabi-4_9-2015q1/bin/../lib/gcc/arm-none-eabi/4.9.3/../../../../arm-none-eabi/lib/armv7-m/libc_nano.a(lib_a-impure.o)
                0x0000000000001e80                _global_impure_ptr
 .rodata.__sf_fake_stdin
                0x0000000000001e84       0x20 /Users/ryan/.env/gcc-arm-none-eabi-4_9-2015q1/bin/../lib/gcc/arm-none-eabi/4.9.3/../../../../arm-none-eabi/lib/armv7-m/libc_nano.a(lib_a-findfp.o)
                0x0000000000001e84                __sf_fake_stdin
 .rodata.__sf_fake_stdout
                0x0000000000001ea4       0x20 /Users/ryan/.env/gcc-arm-none-eabi-4_9-2015q1/bin/../lib/gcc/arm-none-eabi/4.9.3/../../../../arm-none-eabi/lib/armv7-m/libc_nano.a(lib_a-findfp.o)
                0x0000000000001ea4                __sf_fake_stdout
 .rodata.__sf_fake_stderr
                0x0000000000001ec4       0x20 /Users/ryan/.env/gcc-arm-none-eabi-4_9-2015q1/bin/../lib/gcc/arm-none-eabi/4.9.3/../../../../arm-none-eabi/lib/armv7-m/libc_nano.a(lib_a-findfp.o)
                0x0000000000001ec4                __sf_fake_stderr
 .rodata.str1.1
                0x0000000000001ee4       0x11 /Users/ryan/.env/gcc-arm-none-eabi-4_9-2015q1/bin/../lib/gcc/arm-none-eabi/4.9.3/../../../../arm-none-eabi/lib/armv7-m/libc_nano.a(lib_a-nano-vfprintf.o)
 .rodata.str1.1
                0x0000000000001ef5       0x22 /Users/ryan/.env/gcc-arm-none-eabi-4_9-2015q1/bin/../lib/gcc/arm-none-eabi/4.9.3/../../../../arm-none-eabi/lib/armv7-m/libc_nano.a(lib_a-nano-vfprintf_i.o)
 *(.eh_frame*)
 *fill*         0x0000000000001f17        0x1 
 .eh_frame      0x0000000000001f18        0x0 /Users/ryan/.env/gcc-arm-none-eabi-4_9-2015q1/bin/../lib/gcc/arm-none-eabi/4.9.3/armv7-m/crtbegin.o
 .eh_frame      0x0000000000001f18        0x4 /Users/ryan/.env/gcc-arm-none-eabi-4_9-2015q1/bin/../lib/gcc/arm-none-eabi/4.9.3/armv7-m/crtend.o

.glue_7         0x0000000000001f1c        0x0
 .glue_7        0x0000000000000000        0x0 linker stubs

.glue_7t        0x0000000000001f1c        0x0
 .glue_7t       0x0000000000000000        0x0 linker stubs

.vfp11_veneer   0x0000000000001f1c        0x0
 .vfp11_veneer  0x0000000000000000        0x0 linker stubs

.v4_bx          0x0000000000001f1c        0x0
 .v4_bx         0x0000000000000000        0x0 linker stubs

.iplt           0x0000000000001f1c        0x0
 .iplt          0x0000000000000000        0x0 /Users/ryan/.env/gcc-arm-none-eabi-4_9-2015q1/bin/../lib/gcc/arm-none-eabi/4.9.3/armv7-m/crtbegin.o

.ARM.extab
 *(.ARM.extab* .gnu.linkonce.armextab.*)
                0x0000000000001f1c                __exidx_start = .

.ARM.exidx      0x0000000000001f1c        0x8
 *(.ARM.exidx* .gnu.linkonce.armexidx.*)
 .ARM.exidx     0x0000000000001f1c        0x8 /Users/ryan/.env/gcc-arm-none-eabi-4_9-2015q1/bin/../lib/gcc/arm-none-eabi/4.9.3/../../../../arm-none-eabi/lib/armv7-m/crt0.o
                0x0000000000001f24                __exidx_end = .
                0x0000000000001f24                __etext = .

.rel.dyn        0x0000000000001f24        0x0
 .rel.iplt      0x0000000000000000        0x0 /Users/ryan/.env/gcc-arm-none-eabi-4_9-2015q1/bin/../lib/gcc/arm-none-eabi/4.9.3/armv7-m/crtbegin.o

.data           0x0000000020000000       0x74 load address 0x0000000000001f24
                0x0000000020000000                __data_start__ = .
 *(vtable)
 *(.data*)
 .data.impure_data
                0x0000000020000000       0x60 /Users/ryan/.env/gcc-arm-none-eabi-4_9-2015q1/bin/../lib/gcc/arm-none-eabi/4.9.3/../../../../arm-none-eabi/lib/armv7-m/libc_nano.a(lib_a-impure.o)
 .data._impure_ptr
                0x0000000020000060        0x4 /Users/ryan/.env/gcc-arm-none-eabi-4_9-2015q1/bin/../lib/gcc/arm-none-eabi/4.9.3/../../../../arm-none-eabi/lib/armv7-m/libc_nano.a(lib_a-impure.o)
                0x0000000020000060                _impure_ptr
 .data.SystemHFXOClock
                0x0000000020000064        0x4 libdevice.a(system_efm32gg.c.obj)
 .data.SystemLFXOClock
                0x0000000020000068        0x4 libdevice.a(system_efm32gg.c.obj)
                0x000000002000006c                . = ALIGN (0x4)
 *(.ram)
                0x000000002000006c                . = ALIGN (0x4)
                0x000000002000006c                PROVIDE (__preinit_array_start, .)
 *(.preinit_array)
                0x000000002000006c                PROVIDE (__preinit_array_end, .)
                0x000000002000006c                . = ALIGN (0x4)
                0x000000002000006c                PROVIDE (__init_array_start, .)
 *(SORT(.init_array.*))
 *(.init_array)
 .init_array    0x000000002000006c        0x4 /Users/ryan/.env/gcc-arm-none-eabi-4_9-2015q1/bin/../lib/gcc/arm-none-eabi/4.9.3/armv7-m/crtbegin.o
                0x0000000020000070                PROVIDE (__init_array_end, .)
                0x0000000020000070                . = ALIGN (0x4)
                0x0000000020000070                PROVIDE (__fini_array_start, .)
 *(SORT(.fini_array.*))
 *(.fini_array)
 .fini_array    0x0000000020000070        0x4 /Users/ryan/.env/gcc-arm-none-eabi-4_9-2015q1/bin/../lib/gcc/arm-none-eabi/4.9.3/armv7-m/crtbegin.o
                0x0000000020000074                PROVIDE (__fini_array_end, .)
                0x0000000020000074                . = ALIGN (0x4)
                0x0000000020000074                __data_end__ = .

.jcr            0x0000000020000074        0x0 load address 0x0000000000001f98
 .jcr           0x0000000020000074        0x0 /Users/ryan/.env/gcc-arm-none-eabi-4_9-2015q1/bin/../lib/gcc/arm-none-eabi/4.9.3/armv7-m/crtbegin.o

.igot.plt       0x0000000020000074        0x0 load address 0x0000000000001f98
 .igot.plt      0x0000000000000000        0x0 /Users/ryan/.env/gcc-arm-none-eabi-4_9-2015q1/bin/../lib/gcc/arm-none-eabi/4.9.3/armv7-m/crtbegin.o

.bss            0x0000000020000074       0x34 load address 0x0000000000001f98
                0x0000000020000074                __bss_start__ = .
 *(.bss*)
 .bss           0x0000000020000074       0x1c /Users/ryan/.env/gcc-arm-none-eabi-4_9-2015q1/bin/../lib/gcc/arm-none-eabi/4.9.3/armv7-m/crtbegin.o
 .bss.__malloc_sbrk_start
                0x0000000020000090        0x4 /Users/ryan/.env/gcc-arm-none-eabi-4_9-2015q1/bin/../lib/gcc/arm-none-eabi/4.9.3/../../../../arm-none-eabi/lib/armv7-m/libc_nano.a(lib_a-nano-mallocr.o)
                0x0000000020000090                __malloc_sbrk_start
 .bss.__malloc_free_list
                0x0000000020000094        0x4 /Users/ryan/.env/gcc-arm-none-eabi-4_9-2015q1/bin/../lib/gcc/arm-none-eabi/4.9.3/../../../../arm-none-eabi/lib/armv7-m/libc_nano.a(lib_a-nano-mallocr.o)
                0x0000000020000094                __malloc_free_list
 .bss.heap_end.4079
                0x0000000020000098        0x4 /Users/ryan/.env/gcc-arm-none-eabi-4_9-2015q1/bin/../lib/gcc/arm-none-eabi/4.9.3/../../../../arm-none-eabi/lib/armv7-m/libnosys.a(sbrk.o)
 *(COMMON)
 COMMON         0x000000002000009c        0x4 CMakeFiles/efm32-test.dir/work/source/main.c.obj
                0x000000002000009c                msTicks
 COMMON         0x00000000200000a0        0x4 /Users/ryan/.env/gcc-arm-none-eabi-4_9-2015q1/bin/../lib/gcc/arm-none-eabi/4.9.3/../../../../arm-none-eabi/lib/armv7-m/libc_nano.a(lib_a-reent.o)
                0x00000000200000a0                errno
 COMMON         0x00000000200000a4        0x4 libdevice.a(system_efm32gg.c.obj)
                0x00000000200000a4                SystemCoreClock
                0x00000000200000a8                __bss_end__ = .

.heap           0x00000000200000a8      0xc00
                0x00000000200000a8                __end__ = .
                0x00000000200000a8                end = __end__
                0x00000000200000a8                _end = __end__
 *(.heap*)
 .heap          0x00000000200000a8      0xc00 libdevice.a(startup_efm32gg.S.obj)
                0x00000000200000a8                __HeapBase
                0x0000000020000ca8                __HeapLimit = .

.stack_dummy    0x00000000200000a8      0x400
 *(.stack)
 .stack         0x00000000200000a8      0x400 libdevice.a(startup_efm32gg.S.obj)
                0x0000000020020000                __StackTop = (ORIGIN (RAM) + 0x20000)
                0x000000002001fc00                __StackLimit = (__StackTop - SIZEOF (.stack_dummy))
                0x0000000020020000                PROVIDE (__stack, __StackTop)
                0x0000000000000001                ASSERT ((__StackLimit >= __HeapLimit), region RAM overflowed with stack)
                0x0000000000000001                ASSERT ((0x100000 >= (__etext + SIZEOF (.data))), FLASH memory overflowed !)
LOAD CMakeFiles/efm32-test.dir/work/source/main.c.obj
LOAD /Users/ryan/.env/gcc-arm-none-eabi-4_9-2015q1/bin/../lib/gcc/arm-none-eabi/4.9.3/armv7-m/libgcc.a
LOAD /Users/ryan/.env/gcc-arm-none-eabi-4_9-2015q1/bin/../lib/gcc/arm-none-eabi/4.9.3/../../../../arm-none-eabi/lib/armv7-m/libc_nano.a
LOAD /Users/ryan/.env/gcc-arm-none-eabi-4_9-2015q1/bin/../lib/gcc/arm-none-eabi/4.9.3/../../../../arm-none-eabi/lib/armv7-m/libnosys.a
LOAD libdevice.a
LOAD libemlib.a
START GROUP
LOAD /Users/ryan/.env/gcc-arm-none-eabi-4_9-2015q1/bin/../lib/gcc/arm-none-eabi/4.9.3/armv7-m/libgcc.a
LOAD /Users/ryan/.env/gcc-arm-none-eabi-4_9-2015q1/bin/../lib/gcc/arm-none-eabi/4.9.3/../../../../arm-none-eabi/lib/armv7-m/libg_nano.a
LOAD /Users/ryan/.env/gcc-arm-none-eabi-4_9-2015q1/bin/../lib/gcc/arm-none-eabi/4.9.3/../../../../arm-none-eabi/lib/armv7-m/libc_nano.a
END GROUP
START GROUP
LOAD /Users/ryan/.env/gcc-arm-none-eabi-4_9-2015q1/bin/../lib/gcc/arm-none-eabi/4.9.3/armv7-m/libgcc.a
LOAD /Users/ryan/.env/gcc-arm-none-eabi-4_9-2015q1/bin/../lib/gcc/arm-none-eabi/4.9.3/../../../../arm-none-eabi/lib/armv7-m/libc_nano.a
END GROUP
LOAD /Users/ryan/.env/gcc-arm-none-eabi-4_9-2015q1/bin/../lib/gcc/arm-none-eabi/4.9.3/armv7-m/crtend.o
LOAD /Users/ryan/.env/gcc-arm-none-eabi-4_9-2015q1/bin/../lib/gcc/arm-none-eabi/4.9.3/armv7-m/crtn.o
OUTPUT(efm32-test elf32-littlearm)

.ARM.attributes
                0x0000000000000000       0x29
 .ARM.attributes
                0x0000000000000000       0x1d /Users/ryan/.env/gcc-arm-none-eabi-4_9-2015q1/bin/../lib/gcc/arm-none-eabi/4.9.3/armv7-m/crti.o
 .ARM.attributes
                0x000000000000001d       0x2d /Users/ryan/.env/gcc-arm-none-eabi-4_9-2015q1/bin/../lib/gcc/arm-none-eabi/4.9.3/armv7-m/crtbegin.o
 .ARM.attributes
                0x000000000000004a       0x1b /Users/ryan/.env/gcc-arm-none-eabi-4_9-2015q1/bin/../lib/gcc/arm-none-eabi/4.9.3/../../../../arm-none-eabi/lib/armv7-m/crt0.o
 .ARM.attributes
                0x0000000000000065       0x33 CMakeFiles/efm32-test.dir/work/source/main.c.obj
 .ARM.attributes
                0x0000000000000098       0x2d /Users/ryan/.env/gcc-arm-none-eabi-4_9-2015q1/bin/../lib/gcc/arm-none-eabi/4.9.3/../../../../arm-none-eabi/lib/armv7-m/libc_nano.a(lib_a-exit.o)
 .ARM.attributes
                0x00000000000000c5       0x2d /Users/ryan/.env/gcc-arm-none-eabi-4_9-2015q1/bin/../lib/gcc/arm-none-eabi/4.9.3/../../../../arm-none-eabi/lib/armv7-m/libc_nano.a(lib_a-impure.o)
 .ARM.attributes
                0x00000000000000f2       0x2d /Users/ryan/.env/gcc-arm-none-eabi-4_9-2015q1/bin/../lib/gcc/arm-none-eabi/4.9.3/../../../../arm-none-eabi/lib/armv7-m/libc_nano.a(lib_a-init.o)
 .ARM.attributes
                0x000000000000011f       0x2d /Users/ryan/.env/gcc-arm-none-eabi-4_9-2015q1/bin/../lib/gcc/arm-none-eabi/4.9.3/../../../../arm-none-eabi/lib/armv7-m/libc_nano.a(lib_a-memset.o)
 .ARM.attributes
                0x000000000000014c       0x2d /Users/ryan/.env/gcc-arm-none-eabi-4_9-2015q1/bin/../lib/gcc/arm-none-eabi/4.9.3/../../../../arm-none-eabi/lib/armv7-m/libc_nano.a(lib_a-printf.o)
 .ARM.attributes
                0x0000000000000179       0x2d /Users/ryan/.env/gcc-arm-none-eabi-4_9-2015q1/bin/../lib/gcc/arm-none-eabi/4.9.3/../../../../arm-none-eabi/lib/armv7-m/libc_nano.a(lib_a-findfp.o)
 .ARM.attributes
                0x00000000000001a6       0x2d /Users/ryan/.env/gcc-arm-none-eabi-4_9-2015q1/bin/../lib/gcc/arm-none-eabi/4.9.3/../../../../arm-none-eabi/lib/armv7-m/libc_nano.a(lib_a-fwalk.o)
 .ARM.attributes
                0x00000000000001d3       0x2d /Users/ryan/.env/gcc-arm-none-eabi-4_9-2015q1/bin/../lib/gcc/arm-none-eabi/4.9.3/../../../../arm-none-eabi/lib/armv7-m/libc_nano.a(lib_a-nano-mallocr.o)
 .ARM.attributes
                0x0000000000000200       0x2d /Users/ryan/.env/gcc-arm-none-eabi-4_9-2015q1/bin/../lib/gcc/arm-none-eabi/4.9.3/../../../../arm-none-eabi/lib/armv7-m/libc_nano.a(lib_a-nano-vfprintf.o)
 .ARM.attributes
                0x000000000000022d       0x2d /Users/ryan/.env/gcc-arm-none-eabi-4_9-2015q1/bin/../lib/gcc/arm-none-eabi/4.9.3/../../../../arm-none-eabi/lib/armv7-m/libc_nano.a(lib_a-nano-vfprintf_i.o)
 .ARM.attributes
                0x000000000000025a       0x2d /Users/ryan/.env/gcc-arm-none-eabi-4_9-2015q1/bin/../lib/gcc/arm-none-eabi/4.9.3/../../../../arm-none-eabi/lib/armv7-m/libc_nano.a(lib_a-sbrkr.o)
 .ARM.attributes
                0x0000000000000287       0x2d /Users/ryan/.env/gcc-arm-none-eabi-4_9-2015q1/bin/../lib/gcc/arm-none-eabi/4.9.3/../../../../arm-none-eabi/lib/armv7-m/libc_nano.a(lib_a-stdio.o)
 .ARM.attributes
                0x00000000000002b4       0x2d /Users/ryan/.env/gcc-arm-none-eabi-4_9-2015q1/bin/../lib/gcc/arm-none-eabi/4.9.3/../../../../arm-none-eabi/lib/armv7-m/libc_nano.a(lib_a-wbuf.o)
 .ARM.attributes
                0x00000000000002e1       0x2d /Users/ryan/.env/gcc-arm-none-eabi-4_9-2015q1/bin/../lib/gcc/arm-none-eabi/4.9.3/../../../../arm-none-eabi/lib/armv7-m/libc_nano.a(lib_a-writer.o)
 .ARM.attributes
                0x000000000000030e       0x2d /Users/ryan/.env/gcc-arm-none-eabi-4_9-2015q1/bin/../lib/gcc/arm-none-eabi/4.9.3/../../../../arm-none-eabi/lib/armv7-m/libc_nano.a(lib_a-wsetup.o)
 .ARM.attributes
                0x000000000000033b       0x2d /Users/ryan/.env/gcc-arm-none-eabi-4_9-2015q1/bin/../lib/gcc/arm-none-eabi/4.9.3/../../../../arm-none-eabi/lib/armv7-m/libc_nano.a(lib_a-closer.o)
 .ARM.attributes
                0x0000000000000368       0x2d /Users/ryan/.env/gcc-arm-none-eabi-4_9-2015q1/bin/../lib/gcc/arm-none-eabi/4.9.3/../../../../arm-none-eabi/lib/armv7-m/libc_nano.a(lib_a-fflush.o)
 .ARM.attributes
                0x0000000000000395       0x2d /Users/ryan/.env/gcc-arm-none-eabi-4_9-2015q1/bin/../lib/gcc/arm-none-eabi/4.9.3/../../../../arm-none-eabi/lib/armv7-m/libc_nano.a(lib_a-lseekr.o)
 .ARM.attributes
                0x00000000000003c2       0x2d /Users/ryan/.env/gcc-arm-none-eabi-4_9-2015q1/bin/../lib/gcc/arm-none-eabi/4.9.3/../../../../arm-none-eabi/lib/armv7-m/libc_nano.a(lib_a-makebuf.o)
 .ARM.attributes
                0x00000000000003ef       0x2d /Users/ryan/.env/gcc-arm-none-eabi-4_9-2015q1/bin/../lib/gcc/arm-none-eabi/4.9.3/../../../../arm-none-eabi/lib/armv7-m/libc_nano.a(lib_a-memchr.o)
 .ARM.attributes
                0x000000000000041c       0x2d /Users/ryan/.env/gcc-arm-none-eabi-4_9-2015q1/bin/../lib/gcc/arm-none-eabi/4.9.3/../../../../arm-none-eabi/lib/armv7-m/libc_nano.a(lib_a-nano-freer.o)
 .ARM.attributes
                0x0000000000000449       0x2d /Users/ryan/.env/gcc-arm-none-eabi-4_9-2015q1/bin/../lib/gcc/arm-none-eabi/4.9.3/../../../../arm-none-eabi/lib/armv7-m/libc_nano.a(lib_a-readr.o)
 .ARM.attributes
                0x0000000000000476       0x2d /Users/ryan/.env/gcc-arm-none-eabi-4_9-2015q1/bin/../lib/gcc/arm-none-eabi/4.9.3/../../../../arm-none-eabi/lib/armv7-m/libc_nano.a(lib_a-reent.o)
 .ARM.attributes
                0x00000000000004a3       0x2d /Users/ryan/.env/gcc-arm-none-eabi-4_9-2015q1/bin/../lib/gcc/arm-none-eabi/4.9.3/../../../../arm-none-eabi/lib/armv7-m/libc_nano.a(lib_a-fstatr.o)
 .ARM.attributes
                0x00000000000004d0       0x2d /Users/ryan/.env/gcc-arm-none-eabi-4_9-2015q1/bin/../lib/gcc/arm-none-eabi/4.9.3/../../../../arm-none-eabi/lib/armv7-m/libc_nano.a(lib_a-isattyr.o)
 .ARM.attributes
                0x00000000000004fd       0x2d /Users/ryan/.env/gcc-arm-none-eabi-4_9-2015q1/bin/../lib/gcc/arm-none-eabi/4.9.3/../../../../arm-none-eabi/lib/armv7-m/libnosys.a(close.o)
 .ARM.attributes
                0x000000000000052a       0x2d /Users/ryan/.env/gcc-arm-none-eabi-4_9-2015q1/bin/../lib/gcc/arm-none-eabi/4.9.3/../../../../arm-none-eabi/lib/armv7-m/libnosys.a(fstat.o)
 .ARM.attributes
                0x0000000000000557       0x2d /Users/ryan/.env/gcc-arm-none-eabi-4_9-2015q1/bin/../lib/gcc/arm-none-eabi/4.9.3/../../../../arm-none-eabi/lib/armv7-m/libnosys.a(isatty.o)
 .ARM.attributes
                0x0000000000000584       0x2d /Users/ryan/.env/gcc-arm-none-eabi-4_9-2015q1/bin/../lib/gcc/arm-none-eabi/4.9.3/../../../../arm-none-eabi/lib/armv7-m/libnosys.a(lseek.o)
 .ARM.attributes
                0x00000000000005b1       0x2d /Users/ryan/.env/gcc-arm-none-eabi-4_9-2015q1/bin/../lib/gcc/arm-none-eabi/4.9.3/../../../../arm-none-eabi/lib/armv7-m/libnosys.a(read.o)
 .ARM.attributes
                0x00000000000005de       0x2d /Users/ryan/.env/gcc-arm-none-eabi-4_9-2015q1/bin/../lib/gcc/arm-none-eabi/4.9.3/../../../../arm-none-eabi/lib/armv7-m/libnosys.a(sbrk.o)
 .ARM.attributes
                0x000000000000060b       0x2d /Users/ryan/.env/gcc-arm-none-eabi-4_9-2015q1/bin/../lib/gcc/arm-none-eabi/4.9.3/../../../../arm-none-eabi/lib/armv7-m/libnosys.a(write.o)
 .ARM.attributes
                0x0000000000000638       0x2d /Users/ryan/.env/gcc-arm-none-eabi-4_9-2015q1/bin/../lib/gcc/arm-none-eabi/4.9.3/../../../../arm-none-eabi/lib/armv7-m/libnosys.a(_exit.o)
 .ARM.attributes
                0x0000000000000665       0x1b libdevice.a(startup_efm32gg.S.obj)
 .ARM.attributes
                0x0000000000000680       0x33 libdevice.a(system_efm32gg.c.obj)
 .ARM.attributes
                0x00000000000006b3       0x33 libemlib.a(em_cmu.c.obj)
 .ARM.attributes
                0x00000000000006e6       0x33 libemlib.a(em_gpio.c.obj)
 .ARM.attributes
                0x0000000000000719       0x33 libemlib.a(em_system.c.obj)
 .ARM.attributes
                0x000000000000074c       0x2d /Users/ryan/.env/gcc-arm-none-eabi-4_9-2015q1/bin/../lib/gcc/arm-none-eabi/4.9.3/armv7-m/crtend.o
 .ARM.attributes
                0x0000000000000779       0x1d /Users/ryan/.env/gcc-arm-none-eabi-4_9-2015q1/bin/../lib/gcc/arm-none-eabi/4.9.3/armv7-m/crtn.o

.comment        0x0000000000000000       0x70
 .comment       0x0000000000000000       0x70 CMakeFiles/efm32-test.dir/work/source/main.c.obj
                                         0x71 (size before relaxing)
 .comment       0x0000000000000000       0x71 libdevice.a(system_efm32gg.c.obj)
 .comment       0x0000000000000000       0x71 libemlib.a(em_cmu.c.obj)
 .comment       0x0000000000000000       0x71 libemlib.a(em_gpio.c.obj)
 .comment       0x0000000000000000       0x71 libemlib.a(em_system.c.obj)

.debug_info     0x0000000000000000     0x284b
 .debug_info    0x0000000000000000      0xb04 CMakeFiles/efm32-test.dir/work/source/main.c.obj
 .debug_info    0x0000000000000b04       0xd3 libdevice.a(startup_efm32gg.S.obj)
 .debug_info    0x0000000000000bd7      0x55e libdevice.a(system_efm32gg.c.obj)
 .debug_info    0x0000000000001135      0xfce libemlib.a(em_cmu.c.obj)
 .debug_info    0x0000000000002103      0x4e6 libemlib.a(em_gpio.c.obj)
 .debug_info    0x00000000000025e9      0x262 libemlib.a(em_system.c.obj)

.debug_abbrev   0x0000000000000000      0x864
 .debug_abbrev  0x0000000000000000      0x207 CMakeFiles/efm32-test.dir/work/source/main.c.obj
 .debug_abbrev  0x0000000000000207       0x14 libdevice.a(startup_efm32gg.S.obj)
 .debug_abbrev  0x000000000000021b      0x16b libdevice.a(system_efm32gg.c.obj)
 .debug_abbrev  0x0000000000000386      0x2b9 libemlib.a(em_cmu.c.obj)
 .debug_abbrev  0x000000000000063f      0x138 libemlib.a(em_gpio.c.obj)
 .debug_abbrev  0x0000000000000777       0xed libemlib.a(em_system.c.obj)

.debug_loc      0x0000000000000000      0x8e4
 .debug_loc     0x0000000000000000      0x140 CMakeFiles/efm32-test.dir/work/source/main.c.obj
 .debug_loc     0x0000000000000140       0xe0 libdevice.a(system_efm32gg.c.obj)
 .debug_loc     0x0000000000000220      0x554 libemlib.a(em_cmu.c.obj)
 .debug_loc     0x0000000000000774      0x118 libemlib.a(em_gpio.c.obj)
 .debug_loc     0x000000000000088c       0x58 libemlib.a(em_system.c.obj)

.debug_aranges  0x0000000000000000      0x260
 .debug_aranges
                0x0000000000000000       0x58 CMakeFiles/efm32-test.dir/work/source/main.c.obj
 .debug_aranges
                0x0000000000000058       0x20 libdevice.a(startup_efm32gg.S.obj)
 .debug_aranges
                0x0000000000000078       0x68 libdevice.a(system_efm32gg.c.obj)
 .debug_aranges
                0x00000000000000e0      0x118 libemlib.a(em_cmu.c.obj)
 .debug_aranges
                0x00000000000001f8       0x40 libemlib.a(em_gpio.c.obj)
 .debug_aranges
                0x0000000000000238       0x28 libemlib.a(em_system.c.obj)

.debug_ranges   0x0000000000000000      0x1f0
 .debug_ranges  0x0000000000000000       0x48 CMakeFiles/efm32-test.dir/work/source/main.c.obj
 .debug_ranges  0x0000000000000048       0x58 libdevice.a(system_efm32gg.c.obj)
 .debug_ranges  0x00000000000000a0      0x108 libemlib.a(em_cmu.c.obj)
 .debug_ranges  0x00000000000001a8       0x30 libemlib.a(em_gpio.c.obj)
 .debug_ranges  0x00000000000001d8       0x18 libemlib.a(em_system.c.obj)

.debug_line     0x0000000000000000     0x1542
 .debug_line    0x0000000000000000      0x376 CMakeFiles/efm32-test.dir/work/source/main.c.obj
 .debug_line    0x0000000000000376       0xe6 libdevice.a(startup_efm32gg.S.obj)
 .debug_line    0x000000000000045c      0x2f5 libdevice.a(system_efm32gg.c.obj)
 .debug_line    0x0000000000000751      0x845 libemlib.a(em_cmu.c.obj)
 .debug_line    0x0000000000000f96      0x30a libemlib.a(em_gpio.c.obj)
 .debug_line    0x00000000000012a0      0x2a2 libemlib.a(em_system.c.obj)

.debug_str      0x0000000000000000     0x1589
 .debug_str     0x0000000000000000      0xa7d CMakeFiles/efm32-test.dir/work/source/main.c.obj
                                        0xaf3 (size before relaxing)
 .debug_str     0x0000000000000a7d      0x2a0 libdevice.a(system_efm32gg.c.obj)
                                        0x4a0 (size before relaxing)
 .debug_str     0x0000000000000d1d      0x63a libemlib.a(em_cmu.c.obj)
                                        0xbf0 (size before relaxing)
 .debug_str     0x0000000000001357      0x136 libemlib.a(em_gpio.c.obj)
                                        0x55c (size before relaxing)
 .debug_str     0x000000000000148d       0xfc libemlib.a(em_system.c.obj)
                                        0x2d5 (size before relaxing)

.debug_frame    0x0000000000000000      0xdc4
 .debug_frame   0x0000000000000000       0xd0 CMakeFiles/efm32-test.dir/work/source/main.c.obj
 .debug_frame   0x00000000000000d0       0x28 /Users/ryan/.env/gcc-arm-none-eabi-4_9-2015q1/bin/../lib/gcc/arm-none-eabi/4.9.3/../../../../arm-none-eabi/lib/armv7-m/libc_nano.a(lib_a-exit.o)
 .debug_frame   0x00000000000000f8       0x2c /Users/ryan/.env/gcc-arm-none-eabi-4_9-2015q1/bin/../lib/gcc/arm-none-eabi/4.9.3/../../../../arm-none-eabi/lib/armv7-m/libc_nano.a(lib_a-init.o)
 .debug_frame   0x0000000000000124       0x20 /Users/ryan/.env/gcc-arm-none-eabi-4_9-2015q1/bin/../lib/gcc/arm-none-eabi/4.9.3/../../../../arm-none-eabi/lib/armv7-m/libc_nano.a(lib_a-memset.o)
 .debug_frame   0x0000000000000144       0x74 /Users/ryan/.env/gcc-arm-none-eabi-4_9-2015q1/bin/../lib/gcc/arm-none-eabi/4.9.3/../../../../arm-none-eabi/lib/armv7-m/libc_nano.a(lib_a-printf.o)
 .debug_frame   0x00000000000001b8      0x11c /Users/ryan/.env/gcc-arm-none-eabi-4_9-2015q1/bin/../lib/gcc/arm-none-eabi/4.9.3/../../../../arm-none-eabi/lib/armv7-m/libc_nano.a(lib_a-findfp.o)
 .debug_frame   0x00000000000002d4       0x54 /Users/ryan/.env/gcc-arm-none-eabi-4_9-2015q1/bin/../lib/gcc/arm-none-eabi/4.9.3/../../../../arm-none-eabi/lib/armv7-m/libc_nano.a(lib_a-fwalk.o)
 .debug_frame   0x0000000000000328       0x2c /Users/ryan/.env/gcc-arm-none-eabi-4_9-2015q1/bin/../lib/gcc/arm-none-eabi/4.9.3/../../../../arm-none-eabi/lib/armv7-m/libc_nano.a(lib_a-nano-mallocr.o)
 .debug_frame   0x0000000000000354       0xb8 /Users/ryan/.env/gcc-arm-none-eabi-4_9-2015q1/bin/../lib/gcc/arm-none-eabi/4.9.3/../../../../arm-none-eabi/lib/armv7-m/libc_nano.a(lib_a-nano-vfprintf.o)
 .debug_frame   0x000000000000040c       0x58 /Users/ryan/.env/gcc-arm-none-eabi-4_9-2015q1/bin/../lib/gcc/arm-none-eabi/4.9.3/../../../../arm-none-eabi/lib/armv7-m/libc_nano.a(lib_a-nano-vfprintf_i.o)
 .debug_frame   0x0000000000000464       0x2c /Users/ryan/.env/gcc-arm-none-eabi-4_9-2015q1/bin/../lib/gcc/arm-none-eabi/4.9.3/../../../../arm-none-eabi/lib/armv7-m/libc_nano.a(lib_a-sbrkr.o)
 .debug_frame   0x0000000000000490       0x88 /Users/ryan/.env/gcc-arm-none-eabi-4_9-2015q1/bin/../lib/gcc/arm-none-eabi/4.9.3/../../../../arm-none-eabi/lib/armv7-m/libc_nano.a(lib_a-stdio.o)
 .debug_frame   0x0000000000000518       0x3c /Users/ryan/.env/gcc-arm-none-eabi-4_9-2015q1/bin/../lib/gcc/arm-none-eabi/4.9.3/../../../../arm-none-eabi/lib/armv7-m/libc_nano.a(lib_a-wbuf.o)
 .debug_frame   0x0000000000000554       0x2c /Users/ryan/.env/gcc-arm-none-eabi-4_9-2015q1/bin/../lib/gcc/arm-none-eabi/4.9.3/../../../../arm-none-eabi/lib/armv7-m/libc_nano.a(lib_a-writer.o)
 .debug_frame   0x0000000000000580       0x2c /Users/ryan/.env/gcc-arm-none-eabi-4_9-2015q1/bin/../lib/gcc/arm-none-eabi/4.9.3/../../../../arm-none-eabi/lib/armv7-m/libc_nano.a(lib_a-wsetup.o)
 .debug_frame   0x00000000000005ac       0x2c /Users/ryan/.env/gcc-arm-none-eabi-4_9-2015q1/bin/../lib/gcc/arm-none-eabi/4.9.3/../../../../arm-none-eabi/lib/armv7-m/libc_nano.a(lib_a-closer.o)
 .debug_frame   0x00000000000005d8       0x68 /Users/ryan/.env/gcc-arm-none-eabi-4_9-2015q1/bin/../lib/gcc/arm-none-eabi/4.9.3/../../../../arm-none-eabi/lib/armv7-m/libc_nano.a(lib_a-fflush.o)
 .debug_frame   0x0000000000000640       0x2c /Users/ryan/.env/gcc-arm-none-eabi-4_9-2015q1/bin/../lib/gcc/arm-none-eabi/4.9.3/../../../../arm-none-eabi/lib/armv7-m/libc_nano.a(lib_a-lseekr.o)
 .debug_frame   0x000000000000066c       0x34 /Users/ryan/.env/gcc-arm-none-eabi-4_9-2015q1/bin/../lib/gcc/arm-none-eabi/4.9.3/../../../../arm-none-eabi/lib/armv7-m/libc_nano.a(lib_a-makebuf.o)
 .debug_frame   0x00000000000006a0       0x28 /Users/ryan/.env/gcc-arm-none-eabi-4_9-2015q1/bin/../lib/gcc/arm-none-eabi/4.9.3/../../../../arm-none-eabi/lib/armv7-m/libc_nano.a(lib_a-memchr.o)
 .debug_frame   0x00000000000006c8       0x2c /Users/ryan/.env/gcc-arm-none-eabi-4_9-2015q1/bin/../lib/gcc/arm-none-eabi/4.9.3/../../../../arm-none-eabi/lib/armv7-m/libc_nano.a(lib_a-nano-freer.o)
 .debug_frame   0x00000000000006f4       0x2c /Users/ryan/.env/gcc-arm-none-eabi-4_9-2015q1/bin/../lib/gcc/arm-none-eabi/4.9.3/../../../../arm-none-eabi/lib/armv7-m/libc_nano.a(lib_a-readr.o)
 .debug_frame   0x0000000000000720       0x5c /Users/ryan/.env/gcc-arm-none-eabi-4_9-2015q1/bin/../lib/gcc/arm-none-eabi/4.9.3/../../../../arm-none-eabi/lib/armv7-m/libc_nano.a(lib_a-reent.o)
 .debug_frame   0x000000000000077c       0x2c /Users/ryan/.env/gcc-arm-none-eabi-4_9-2015q1/bin/../lib/gcc/arm-none-eabi/4.9.3/../../../../arm-none-eabi/lib/armv7-m/libc_nano.a(lib_a-fstatr.o)
 .debug_frame   0x00000000000007a8       0x2c /Users/ryan/.env/gcc-arm-none-eabi-4_9-2015q1/bin/../lib/gcc/arm-none-eabi/4.9.3/../../../../arm-none-eabi/lib/armv7-m/libc_nano.a(lib_a-isattyr.o)
 .debug_frame   0x00000000000007d4       0x20 /Users/ryan/.env/gcc-arm-none-eabi-4_9-2015q1/bin/../lib/gcc/arm-none-eabi/4.9.3/../../../../arm-none-eabi/lib/armv7-m/libnosys.a(close.o)
 .debug_frame   0x00000000000007f4       0x20 /Users/ryan/.env/gcc-arm-none-eabi-4_9-2015q1/bin/../lib/gcc/arm-none-eabi/4.9.3/../../../../arm-none-eabi/lib/armv7-m/libnosys.a(fstat.o)
 .debug_frame   0x0000000000000814       0x20 /Users/ryan/.env/gcc-arm-none-eabi-4_9-2015q1/bin/../lib/gcc/arm-none-eabi/4.9.3/../../../../arm-none-eabi/lib/armv7-m/libnosys.a(isatty.o)
 .debug_frame   0x0000000000000834       0x20 /Users/ryan/.env/gcc-arm-none-eabi-4_9-2015q1/bin/../lib/gcc/arm-none-eabi/4.9.3/../../../../arm-none-eabi/lib/armv7-m/libnosys.a(lseek.o)
 .debug_frame   0x0000000000000854       0x20 /Users/ryan/.env/gcc-arm-none-eabi-4_9-2015q1/bin/../lib/gcc/arm-none-eabi/4.9.3/../../../../arm-none-eabi/lib/armv7-m/libnosys.a(read.o)
 .debug_frame   0x0000000000000874       0x20 /Users/ryan/.env/gcc-arm-none-eabi-4_9-2015q1/bin/../lib/gcc/arm-none-eabi/4.9.3/../../../../arm-none-eabi/lib/armv7-m/libnosys.a(sbrk.o)
 .debug_frame   0x0000000000000894       0x20 /Users/ryan/.env/gcc-arm-none-eabi-4_9-2015q1/bin/../lib/gcc/arm-none-eabi/4.9.3/../../../../arm-none-eabi/lib/armv7-m/libnosys.a(write.o)
 .debug_frame   0x00000000000008b4       0x20 /Users/ryan/.env/gcc-arm-none-eabi-4_9-2015q1/bin/../lib/gcc/arm-none-eabi/4.9.3/../../../../arm-none-eabi/lib/armv7-m/libnosys.a(_exit.o)
 .debug_frame   0x00000000000008d4       0xe0 libdevice.a(system_efm32gg.c.obj)
 .debug_frame   0x00000000000009b4      0x334 libemlib.a(em_cmu.c.obj)
 .debug_frame   0x0000000000000ce8       0x9c libemlib.a(em_gpio.c.obj)
 .debug_frame   0x0000000000000d84       0x40 libemlib.a(em_system.c.obj)

.stab           0x0000000000000000       0x9c
 .stab          0x0000000000000000       0x24 /Users/ryan/.env/gcc-arm-none-eabi-4_9-2015q1/bin/../lib/gcc/arm-none-eabi/4.9.3/../../../../arm-none-eabi/lib/armv7-m/libnosys.a(close.o)
 .stab          0x0000000000000024       0x18 /Users/ryan/.env/gcc-arm-none-eabi-4_9-2015q1/bin/../lib/gcc/arm-none-eabi/4.9.3/../../../../arm-none-eabi/lib/armv7-m/libnosys.a(fstat.o)
                                         0x24 (size before relaxing)
 .stab          0x000000000000003c       0x18 /Users/ryan/.env/gcc-arm-none-eabi-4_9-2015q1/bin/../lib/gcc/arm-none-eabi/4.9.3/../../../../arm-none-eabi/lib/armv7-m/libnosys.a(isatty.o)
                                         0x24 (size before relaxing)
 .stab          0x0000000000000054       0x18 /Users/ryan/.env/gcc-arm-none-eabi-4_9-2015q1/bin/../lib/gcc/arm-none-eabi/4.9.3/../../../../arm-none-eabi/lib/armv7-m/libnosys.a(lseek.o)
                                         0x24 (size before relaxing)
 .stab          0x000000000000006c       0x18 /Users/ryan/.env/gcc-arm-none-eabi-4_9-2015q1/bin/../lib/gcc/arm-none-eabi/4.9.3/../../../../arm-none-eabi/lib/armv7-m/libnosys.a(read.o)
                                         0x24 (size before relaxing)
 .stab          0x0000000000000084       0x18 /Users/ryan/.env/gcc-arm-none-eabi-4_9-2015q1/bin/../lib/gcc/arm-none-eabi/4.9.3/../../../../arm-none-eabi/lib/armv7-m/libnosys.a(write.o)
                                         0x24 (size before relaxing)

.stabstr        0x0000000000000000      0x14d
 .stabstr       0x0000000000000000      0x14d /Users/ryan/.env/gcc-arm-none-eabi-4_9-2015q1/bin/../lib/gcc/arm-none-eabi/4.9.3/../../../../arm-none-eabi/lib/armv7-m/libnosys.a(close.o)
